Microsoft (R) Macro Assembler Version 14.16.27030.1	    06/07/19 15:47:20
Cal.asm							     Page 1 - 1


				INCLUDE Irvine32.inc
			      C ; Include file for Irvine32.lib             (Irvine32.inc)
			      C 
			      C ;OPTION CASEMAP:NONE		; optional: make identifiers case-sensitive
			      C 
			      C INCLUDE SmallWin.inc		; MS-Windows prototypes, structures, and constants
			      C .NOLIST
			      C .LIST
			      C 
			      C INCLUDE VirtualKeys.inc
			      C ; VirtualKeys.inc
			      C .NOLIST
			      C .LIST
			      C 
			      C 
			      C .NOLIST
			      C .LIST
			      C 

 00000000			.data
 00000000 69 6E 70 75 74	in_filename BYTE "input.txt",0
	   2E 74 78 74 00
 0000000A 6F 75 74 70 75	out_filename BYTE "output.txt",0
	   74 2E 74 78 74
	   00
 00000015 00000000		in_fileHandle HANDLE ?
 00000019 00000000		out_fileHandle HANDLE ?
 0000001D  00000016 [		c_array BYTE 22 DUP(?)
	    00
	   ]


 00000000			.code
 00000000			main PROC
				; Open the file for input
 00000000  BA 00000000 R		mov edx, OFFSET in_filename
 00000005  E8 00000000 E		call OpenInputFile
 0000000A  A3 00000015 R		mov in_fileHandle, eax
				; Create the file for output
 0000000F  BA 0000000A R		mov edx, OFFSET out_filename
 00000014  E8 00000000 E		call CreateOutputFile
 00000019  A3 00000019 R		mov out_fileHandle, eax

 0000001E			L:
 0000001E  A1 00000015 R		mov eax, in_fileHandle
 00000023  BA 0000001D R		mov edx, OFFSET c_array
 00000028  E8 00000037			call input_data
 0000002D  83 F8 01			cmp eax, 1
 00000030  74 17			je close_file
 00000032  BA 0000001D R		mov edx, OFFSET c_array
 00000037  E8 00000096			call calculation
 0000003C  8B 15 00000019 R		mov edx, out_fileHandle
 00000042  E8 000001E4			call write_output
 00000047  EB D5			jmp L

 00000049			Close_file:
 00000049  A1 00000015 R		mov eax, in_fileHandle
 0000004E  E8 00000000 E		call CloseFile
 00000053  A1 00000019 R		mov eax, out_fileHandle
 00000058  E8 00000000 E		call CloseFile

					exit
 00000064			main ENDP

				;------------------------------------------------------------------
 00000064			input_data PROC USES ECX
				; This procedure gets data from input.txt file
				; Receives: EAX = file handle
				;			EDX = OFFSET of calculator equation array
				; Return: EAX = number of reading char
				;------------------------------------------------------------------
 00000033			.data
 00000033 00				buffer BYTE ?
 00000034 00000000			i_fileHandle Handle ?
 00000038 00000000			count DWORD ?
 0000003C 00000000			offs DWORD ?

 00000065			.code			
 00000065  A3 00000034 R		mov i_fileHandle, eax			; input 파일 핸들 저장
 0000006A  8B F2			mov esi, edx					; calculator equation array의 오프셋 저장
 0000006C  89 15 0000003C R		mov offs, edx
 00000072  C7 05 00000038 R		mov count, 0					; 변수값 초기화
	   00000000

 0000007C			L:
				; Read the char in file into a buffer
 0000007C  A1 00000034 R		mov eax, i_fileHandle
 00000081  BA 00000033 R		mov edx, OFFSET buffer
 00000086  B9 00000001			mov ecx, 1
 0000008B  E8 00000000 E		call ReadFromFile
					
				; 만약 버퍼에 저장된 문자가 '\'거나 'n'일 때
 00000090  80 3D 00000033 R		cmp buffer, 13
	   0D
 00000097  74 E3			je L
 00000099  80 3D 00000033 R		cmp buffer, 10
	   0A
 000000A0  74 DA			je L
				; 만약 버퍼에 저장된 문자가 null일 때
 000000A2  80 3D 00000033 R		cmp buffer, 0
	   00
 000000A9  74 1A			je quit
				; 그 외의 경우 calculation array에 저장
 000000AB  8A 1D 00000033 R		mov bl, buffer
 000000B1  88 1E			mov BYTE PTR [esi], bl
 000000B3  46				inc esi
 000000B4  FF 05 00000038 R		inc count
				; 만약 버퍼에 저장된 문자가 '='일 때
 000000BA  80 3D 00000033 R		cmp buffer, 61
	   3D
 000000C1  74 02			je quit
 000000C3  EB B7			jmp L

 000000C5			quit:
 000000C5  A1 00000038 R		mov eax, count
 000000CA  8B 15 0000003C R		mov edx, offs
					ret

 000000D2			input_data ENDP


				;---------------------------------------------------------------
 000000D2			calculation PROC USES ESI EBX ECX EDX
				;
				; Receives: EAX = number of charactors to rad from input file 
				;			EDX = offset of c_array
				; Return: EAX = result
				;---------------------------------------------------------------
 00000040			.data
 00000040 00			push_count BYTE ?							; push count를 저장하는 변수
 00000041 00			index_count BYTE ?							; index count를 지정하는 변수
 00000042 00000000		temp DWORD ?								; 숫자 또는 연산자 저장
 00000046 00000000		keep_ECX DWORD ?							; 임시로 ECX 값 저장
 0000004A 00000000		powop DWORD ?								; 제곱 연산을 위한 값

 000000D6			.code
				; 지역변수 초기화
 000000D6  C6 05 00000040 R		mov push_count,0
	   00
 000000DD  C7 05 00000046 R		mov keep_ECX, 0
	   00000000
 000000E7  C7 05 0000004A R		mov powop, 0
	   00000000
 000000F1  8B F2			mov esi, edx							; c_array 오프셋 esi에 저장
 000000F3  BB 00000000			mov ebx, 0

 000000F8  8B C8			mov ecx, eax							; ecx에  최대 반복횟수 설정
 000000FA  8A 1E			mov bl, BYTE PTR [esi]
 000000FC  89 1D 00000042 R		MOV temp, ebx							; eax 초기화를 위한 과정. 첫번째 index에서 자연수 불러옴
 00000102  BB 00000000			mov ebx, 0
 00000107  83 2D 00000042 R		SUB temp, 30h							; 숫자 - '0' -> 아스키코드 값을 숫자로 바꿔줌
	   30
 0000010E  A1 00000042 R		MOV eax, temp							; eax 초기화
 00000113  80 7E 01 30			CMP BYTE PTR [esi+1], 30h				; 다음 index가 숫자인지 연산자인지 판단
 00000117  46				inc esi
 00000118  72 20			JB L1									; 숫자라면 L0로 이동, 숫자가 아니면 L1으로 분기

 0000011A  49			L0: DEC ecx									; index가 증가했으므로 반복횟수인 ecx 감소시킴
															; index_count의 값도 증가시켜줌
 0000011B  8A 1E			mov bl, BYTE PTR [esi]
 0000011D  89 1D 00000042 R		MOV temp, ebx							; temp에 숫자 다시 불러옴
 00000123  BB 00000000			mov ebx, 0
 00000128  83 2D 00000042 R		SUB temp, 30h
	   30
 0000012F  6B C0 0A			IMUL eax, 10							; eax에 10을 곱함
 00000132  03 05 00000042 R		ADD eax, temp							; eax에 temp 더함 -> 2자리수 자연수 완성
 00000138  49				DEC ecx
 00000139  46				INC esi

 0000013A			L1:	
 0000013A  8A 1E			mov bl,BYTE PTR [esi]
 0000013C  89 1D 00000042 R		MOV temp, ebx							; 배열에서 값을 불러옴
 00000142  BB 00000000			mov ebx, 0
 00000147  83 3D 00000042 R		CMP temp, 30h							; '0'과 비교
	   30
 0000014E  0F 82 000000A6		JB	L4									; '0'보다 작을경우 L4로 분기 (연산자는 전부 ASCII코드에서 '0'보다 작음)
 00000154  83 3D 00000042 R		CMP temp, 3dh							; temp가 '='일 경우
	   3D
 0000015B  0F 84 000000C5		JE	FINCAL

 00000161  83 2D 00000042 R		SUB temp, 30h							; 숫자 - '0' -> 아스키코드 값을 숫자로 바꿔줌
	   30
 00000168  8B 1D 00000042 R		mov ebx, temp
 0000016E  80 7E 01 30			CMP BYTE PTR [esi+1], 30h				; 다음 index가 숫자인지 연산자인지 판단
 00000172  72 22			JB ARICAL								; 숫자가 아니면 ARICAL으로 분기
 00000174  80 7E 01 3D			CMP BYTE PTR [esi+1], 3dh
 00000178  74 1C			JE ARICAL
 0000017A  BB 00000000			mov ebx, 0
 0000017F  49				DEC ecx									; index가 증가했으므로 반복횟수인 ecx 감소시킴
 00000180  46				INC esi									; index_count의 값도 증가시켜줌
 00000181  8A 1E			MOV bl, BYTE PTR [esi]					; ebx에 숫자 다시 불러옴
 00000183  83 EB 30			SUB ebx, 30h							; 숫자 - '0' -> 아스키코드 값을 숫자로 바꿔줌
 00000186  87 1D 00000042 R		XCHG temp, ebx							; ebx와 temp 교환
 0000018C  6B DB 0A			IMUL ebx, 10							; ebx에 10을 곱함
 0000018F  03 1D 00000042 R		ADD ebx, temp							; ebx에 temp 더함 -> 2자리수 자연수 완성, ebx에 피연산자 저장
 00000195  49				DEC ecx
					
 00000196			ARICAL: 
 00000196  83 FA 2A			CMP edx, 2ah							; 연산자 비교 후 분기
 00000199  74 19			JE MULCAL
 0000019B  83 FA 2B			CMP edx, 2bh
 0000019E  74 1A			JE PLUCAL
 000001A0  83 FA 2D			CMP edx, 2dh
 000001A3  74 1A			JE MINCAL
 000001A5  83 FA 2F			CMP edx, 2fh
 000001A8  74 1A			JE DIVCAL
 000001AA  83 FA 23			CMP edx, 23h
 000001AD  74 2C			JE POWCAL
 000001AF  83 FA 24			CMP edx, 24h
 000001B2  74 1B			JE REMCAL

 000001B4			MULCAL:
 000001B4  0F AF C3			IMUL EAX, EBX							; EAX * EBX 한 후 EAX에 저장
 000001B7  46				inc esi
 000001B8  EB 67			JMP DONEARI

 000001BA			PLUCAL:
 000001BA  03 C3			ADD EAX, EBX							; EAX + EBX 한 후 EAX에 저장
 000001BC  46				inc esi
 000001BD  EB 62			JMP DONEARI

 000001BF			MINCAL:
 000001BF  2B C3			SUB EAX, EBX							; EAX - EBX 한 후 EAX에 저장
 000001C1  46				inc esi
 000001C2  EB 5D			JMP DONEARI

 000001C4			DIVCAL:
 000001C4  BA 00000000			MOV EDX, 0
 000001C9  99				CDQ
 000001CA  F7 FB			IDIV EBX								; EAX / EBX 한 후 EAX에 몫 저장
 000001CC  46				inc esi
 000001CD  EB 52			JMP DONEARI

 000001CF			REMCAL:
 000001CF  BA 00000000			MOV EDX, 0
 000001D4  99				CDQ
 000001D5  F7 FB			IDIV EBX								; EAX / EBX
 000001D7  92				XCHG EAX, EDX							; EAX에는 몫, EDX에는 나머지가 저장되므로 두 값 교환 (EAX에 나머지 저장됨)
 000001D8  46				inc esi
 000001D9  EB 46			JMP DONEARI

 000001DB			POWCAL:
 000001DB  89 0D 00000046 R		MOV keep_ECX, ECX						; Loop를 돌아야하므로 ECX 값을 임시로 저장
 000001E1  8B CB			MOV ECX, EBX							; a^b는 a를 b번 곱하는 것이므로 피연산자인 EBX를 반복횟수 ECX에 저장
 000001E3  49				DEC ECX
 000001E4  A3 0000004A R		MOV powop, EAX							; powop에 밑 저장
 000001E9  F7 2D 0000004A R	L3: IMUL powop								; EAX * powop
 000001EF  E2 F8			LOOP L3
 000001F1  8B 0D 00000046 R		MOV ECX, keep_ECX						; ECX를 다시 원래 값으로 되돌려 줌
 000001F7  46				inc esi
 000001F8  EB 27			JMP DONEARI

 000001FA  80 7E 01 2A		L4: CMP BYTE PTR [esi+1], 2ah			; 다음 index가 *일 경우
 000001FE  74 12			Je L5
 00000200  80 7E 01 2F			CMP BYTE PTR [esi+1], 2fh			; 다음 index의 값이 /일 경우
 00000204  74 13			Je L6
 00000206  8B 15 00000042 R		MOV edx, temp							; 연산자를 edx에 저장해둠
 0000020C  46				INC esi									; index_count 증가
 0000020D  E9 FFFFFF28			jmp L1

 00000212  BA 00000023		L5:	MOV edx, 23h							; '**'의 케이스를 임의로 23h 값으로 설정
 00000217  EB 05			JMP L7

 00000219  BA 00000024		L6:	MOV edx, 24h							; '//'의 케이스를 임의로 24h 값으로 설정

 0000021E  83 C6 02		L7: ADD esi, 2						; index_count 2만큼 증가

 00000221			DONEARI: 
 00000221  E9 FFFFFF14			jmp L1

 00000226			FINCAL:
					ret
 0000022B			calculation ENDP


				;-------------------------------------------------------------------
 0000022B			write_output PROC USES EAX EBX ECX
				; This procedure write results in the output.txt file
				; Receives: EAX = result of calculation
				;			EDX = file handle
				;--------------------------------------------------------------------
 0000004E			.data
 0000004E 00000000			o_fileHandle Handle ?
 00000052  0000000B [			result BYTE 11 DUP(?)
	    00
	   ]
 0000005D 00000000			len_result DWORD ?

 0000022E			.code
 0000022E  89 15 0000004E R		mov o_fileHandle, edx			; output 파일 핸들 저장
 00000234  C7 05 0000005D R		mov len_result, 0				; 변수값 초기화
	   00000000

				; Save the result in stack	
 0000023E  B9 00000009			mov ecx, 9
 00000243  83 F8 00			cmp eax, 0
 00000246  7D 2E			jge L1	;result가 양수일때 L1으로 이동
 00000248  F7 D8			neg eax
 0000024A			L0: ; when result if negative
					;10으로 계속 나누면서 나머지 스택에 저장함
 0000024A  BA 00000000			mov edx, 0
 0000024F  BB 0000000A			mov ebx, 10
 00000254  F7 F3			div ebx
 00000256  52				push edx
 00000257  FF 05 0000005D R		inc len_result
 0000025D  83 F8 00			cmp eax, 0
 00000260  74 02			je quit
 00000262  E2 E6			loop L0
 00000264			quit:
					;push edx
 00000264  BB 00000001			mov ebx, 1
 00000269  BA 00000052 R		mov edx, OFFSET result
 0000026E  8B 0D 0000005D R		mov ecx, len_result
 00000274  EB 2C			jmp L2
 00000276			L1: ; when result is positive
					;10으로 계속 나누면서 나머지 스택에 저장함
 00000276  BA 00000000			mov edx, 0
 0000027B  BB 0000000A			mov ebx, 10
 00000280  F7 F3			div ebx
 00000282  52				push edx
 00000283  FF 05 0000005D R		inc len_result
 00000289  83 F8 00			cmp eax, 0
 0000028C  74 02			je quit1
 0000028E  E2 E6			loop L1
 00000290			quit1:
					;push edx ;나머지 저장
 00000290  BB 00000000			mov ebx, 0
 00000295  BA 00000052 R		mov edx, OFFSET result
 0000029A  8B 0D 0000005D R		mov ecx, len_result
 000002A0  EB 08			jmp L3

				; Move the result from stack to array
 000002A2			L2:	;음수일때 result배열에 '-' 저장
 000002A2  B8 0000002D			mov eax, 45
 000002A7  88 02			mov BYTE PTR [edx], al 
 000002A9  42				inc edx
 000002AA			L3:
 000002AA  58				pop eax
 000002AB  83 C0 30			add eax, 48
 000002AE  88 02			mov BYTE PTR [edx], al			
 000002B0  42				inc edx
 000002B1  E2 F7			loop L3
 000002B3  B8 0000000D			mov eax, 0dh
 000002B8  88 02			mov BYTE PTR [edx], al
 000002BA  42				inc edx
 000002BB  FF 05 0000005D R		inc len_result
 000002C1  B8 0000000A			mov eax, 0ah
 000002C6  88 02			mov BYTE PTR [edx], al
 000002C8  FF 05 0000005D R		inc len_result
 000002CE  01 1D 0000005D R		add len_result, ebx				;음수이면 result배열 길이 1 증가시킴

				; Write the buffer to an output file
 000002D4  A1 0000004E R		mov eax, o_fileHandle
 000002D9  BA 00000052 R		mov edx, OFFSET result ;결과값 저장된 배열 주소로 바꾸기
 000002DE  8B 0D 0000005D R		mov ecx, len_result  ;결과값 저장된 배열 길이로 바꾸기
 000002E4  E8 00000000 E		call WriteToFile
					
					ret
 000002ED			write_output ENDP

				end main
Microsoft (R) Macro Assembler Version 14.16.27030.1	    06/07/19 15:47:20
Cal.asm							     Symbols 2 - 1




Structures and Unions:

                N a m e                  Size
                                         Offset      Type

CONSOLE_CURSOR_INFO  . . . . . .	 00000008
  dwSize . . . . . . . . . . . .	 00000000	 DWord
  bVisible . . . . . . . . . . .	 00000004	 DWord
CONSOLE_SCREEN_BUFFER_INFO . . .	 00000016
  dwSize . . . . . . . . . . . .	 00000000	 DWord
  dwCursorPosition . . . . . . .	 00000004	 DWord
  wAttributes  . . . . . . . . .	 00000008	 Word
  srWindow . . . . . . . . . . .	 0000000A	 QWord
  dwMaximumWindowSize  . . . . .	 00000012	 DWord
COORD  . . . . . . . . . . . . .	 00000004
  X  . . . . . . . . . . . . . .	 00000000	 Word
  Y  . . . . . . . . . . . . . .	 00000002	 Word
FILETIME . . . . . . . . . . . .	 00000008
  loDateTime . . . . . . . . . .	 00000000	 DWord
  hiDateTime . . . . . . . . . .	 00000004	 DWord
FOCUS_EVENT_RECORD . . . . . . .	 00000004
  bSetFocus  . . . . . . . . . .	 00000000	 DWord
FPU_ENVIRON  . . . . . . . . . .	 0000001C
  controlWord  . . . . . . . . .	 00000000	 Word
  statusWord . . . . . . . . . .	 00000004	 Word
  tagWord  . . . . . . . . . . .	 00000008	 Word
  instrPointerOffset . . . . . .	 0000000C	 DWord
  instrPointerSelector . . . . .	 00000010	 DWord
  operandPointerOffset . . . . .	 00000014	 DWord
  operandPointerSelector . . . .	 00000018	 Word
INPUT_RECORD . . . . . . . . . .	 00000014
  EventType  . . . . . . . . . .	 00000000	 Word
  Event  . . . . . . . . . . . .	 00000004	 XmmWord
  bKeyDown . . . . . . . . . . .	 00000000	 DWord
  wRepeatCount . . . . . . . . .	 00000004	 Word
  wVirtualKeyCode  . . . . . . .	 00000006	 Word
  wVirtualScanCode . . . . . . .	 00000008	 Word
  uChar  . . . . . . . . . . . .	 0000000A	 Word
  UnicodeChar  . . . . . . . . .	 00000000	 Word
  AsciiChar  . . . . . . . . . .	 00000000	 Byte
  dwControlKeyState  . . . . . .	 0000000C	 DWord
  dwMousePosition  . . . . . . .	 00000000	 DWord
  dwButtonState  . . . . . . . .	 00000004	 DWord
  dwMouseControlKeyState . . . .	 00000008	 DWord
  dwEventFlags . . . . . . . . .	 0000000C	 DWord
  dwSize . . . . . . . . . . . .	 00000000	 DWord
  dwCommandId  . . . . . . . . .	 00000000	 DWord
  bSetFocus  . . . . . . . . . .	 00000000	 DWord
KEY_EVENT_RECORD . . . . . . . .	 00000010
  bKeyDown . . . . . . . . . . .	 00000000	 DWord
  wRepeatCount . . . . . . . . .	 00000004	 Word
  wVirtualKeyCode  . . . . . . .	 00000006	 Word
  wVirtualScanCode . . . . . . .	 00000008	 Word
  uChar  . . . . . . . . . . . .	 0000000A	 Word
  UnicodeChar  . . . . . . . . .	 00000000	 Word
  AsciiChar  . . . . . . . . . .	 00000000	 Byte
  dwControlKeyState  . . . . . .	 0000000C	 DWord
MENU_EVENT_RECORD  . . . . . . .	 00000004
  dwCommandId  . . . . . . . . .	 00000000	 DWord
MOUSE_EVENT_RECORD . . . . . . .	 00000010
  dwMousePosition  . . . . . . .	 00000000	 DWord
  dwButtonState  . . . . . . . .	 00000004	 DWord
  dwMouseControlKeyState . . . .	 00000008	 DWord
  dwEventFlags . . . . . . . . .	 0000000C	 DWord
SMALL_RECT . . . . . . . . . . .	 00000008
  Left . . . . . . . . . . . . .	 00000000	 Word
  Top  . . . . . . . . . . . . .	 00000002	 Word
  Right  . . . . . . . . . . . .	 00000004	 Word
  Bottom . . . . . . . . . . . .	 00000006	 Word
SYSTEMTIME . . . . . . . . . . .	 00000010
  wYear  . . . . . . . . . . . .	 00000000	 Word
  wMonth . . . . . . . . . . . .	 00000002	 Word
  wDayOfWeek . . . . . . . . . .	 00000004	 Word
  wDay . . . . . . . . . . . . .	 00000006	 Word
  wHour  . . . . . . . . . . . .	 00000008	 Word
  wMinute  . . . . . . . . . . .	 0000000A	 Word
  wSecond  . . . . . . . . . . .	 0000000C	 Word
  wMilliseconds  . . . . . . . .	 0000000E	 Word
WINDOW_BUFFER_SIZE_RECORD  . . .	 00000004
  dwSize . . . . . . . . . . . .	 00000000	 DWord


Segments and Groups:

                N a m e                 Size     Length   Align   Combine Class

FLAT . . . . . . . . . . . . . .	GROUP
STACK  . . . . . . . . . . . . .	32 Bit	 00001000 Para	  Stack	  'STACK'	 
_DATA  . . . . . . . . . . . . .	32 Bit	 00000061 Para	  Public  'DATA'	
_TEXT  . . . . . . . . . . . . .	32 Bit	 000002ED Para	  Public  'CODE'	


Procedures, parameters, and locals:

                N a m e                 Type     Value    Attr

CloseFile  . . . . . . . . . . .	P Near	 00000000 FLAT	Length= 00000000 External STDCALL
CloseHandle  . . . . . . . . . .	P Near	 00000000 FLAT	Length= 00000000 External STDCALL
Clrscr . . . . . . . . . . . . .	P Near	 00000000 FLAT	Length= 00000000 External STDCALL
CreateFileA  . . . . . . . . . .	P Near	 00000000 FLAT	Length= 00000000 External STDCALL
CreateOutputFile . . . . . . . .	P Near	 00000000 FLAT	Length= 00000000 External STDCALL
Crlf . . . . . . . . . . . . . .	P Near	 00000000 FLAT	Length= 00000000 External STDCALL
Delay  . . . . . . . . . . . . .	P Near	 00000000 FLAT	Length= 00000000 External STDCALL
DumpMem  . . . . . . . . . . . .	P Near	 00000000 FLAT	Length= 00000000 External STDCALL
DumpRegs . . . . . . . . . . . .	P Near	 00000000 FLAT	Length= 00000000 External STDCALL
ExitProcess  . . . . . . . . . .	P Near	 00000000 FLAT	Length= 00000000 External STDCALL
FileTimeToDosDateTime  . . . . .	P Near	 00000000 FLAT	Length= 00000000 External STDCALL
FileTimeToSystemTime . . . . . .	P Near	 00000000 FLAT	Length= 00000000 External STDCALL
FlushConsoleInputBuffer  . . . .	P Near	 00000000 FLAT	Length= 00000000 External STDCALL
FormatMessageA . . . . . . . . .	P Near	 00000000 FLAT	Length= 00000000 External STDCALL
GetCommandLineA  . . . . . . . .	P Near	 00000000 FLAT	Length= 00000000 External STDCALL
GetCommandTail . . . . . . . . .	P Near	 00000000 FLAT	Length= 00000000 External STDCALL
GetConsoleCP . . . . . . . . . .	P Near	 00000000 FLAT	Length= 00000000 External STDCALL
GetConsoleCursorInfo . . . . . .	P Near	 00000000 FLAT	Length= 00000000 External STDCALL
GetConsoleMode . . . . . . . . .	P Near	 00000000 FLAT	Length= 00000000 External STDCALL
GetConsoleScreenBufferInfo . . .	P Near	 00000000 FLAT	Length= 00000000 External STDCALL
GetDateTime  . . . . . . . . . .	P Near	 00000000 FLAT	Length= 00000000 External STDCALL
GetFileTime  . . . . . . . . . .	P Near	 00000000 FLAT	Length= 00000000 External STDCALL
GetKeyState  . . . . . . . . . .	P Near	 00000000 FLAT	Length= 00000000 External STDCALL
GetLastError . . . . . . . . . .	P Near	 00000000 FLAT	Length= 00000000 External STDCALL
GetLocalTime . . . . . . . . . .	P Near	 00000000 FLAT	Length= 00000000 External STDCALL
GetMaxXY . . . . . . . . . . . .	P Near	 00000000 FLAT	Length= 00000000 External STDCALL
GetMseconds  . . . . . . . . . .	P Near	 00000000 FLAT	Length= 00000000 External STDCALL
GetNumberOfConsoleInputEvents  .	P Near	 00000000 FLAT	Length= 00000000 External STDCALL
GetProcessHeap . . . . . . . . .	P Near	 00000000 FLAT	Length= 00000000 External STDCALL
GetStdHandle . . . . . . . . . .	P Near	 00000000 FLAT	Length= 00000000 External STDCALL
GetSystemTime  . . . . . . . . .	P Near	 00000000 FLAT	Length= 00000000 External STDCALL
GetTextColor . . . . . . . . . .	P Near	 00000000 FLAT	Length= 00000000 External STDCALL
GetTickCount . . . . . . . . . .	P Near	 00000000 FLAT	Length= 00000000 External STDCALL
Gotoxy . . . . . . . . . . . . .	P Near	 00000000 FLAT	Length= 00000000 External STDCALL
HeapAlloc  . . . . . . . . . . .	P Near	 00000000 FLAT	Length= 00000000 External STDCALL
HeapCreate . . . . . . . . . . .	P Near	 00000000 FLAT	Length= 00000000 External STDCALL
HeapDestroy  . . . . . . . . . .	P Near	 00000000 FLAT	Length= 00000000 External STDCALL
HeapFree . . . . . . . . . . . .	P Near	 00000000 FLAT	Length= 00000000 External STDCALL
HeapSize . . . . . . . . . . . .	P Near	 00000000 FLAT	Length= 00000000 External STDCALL
IsDigit  . . . . . . . . . . . .	P Near	 00000000 FLAT	Length= 00000000 External STDCALL
LocalFree  . . . . . . . . . . .	P Near	 00000000 FLAT	Length= 00000000 External STDCALL
MessageBoxA  . . . . . . . . . .	P Near	 00000000 FLAT	Length= 00000000 External STDCALL
MsgBoxAsk  . . . . . . . . . . .	P Near	 00000000 FLAT	Length= 00000000 External STDCALL
MsgBox . . . . . . . . . . . . .	P Near	 00000000 FLAT	Length= 00000000 External STDCALL
OpenInputFile  . . . . . . . . .	P Near	 00000000 FLAT	Length= 00000000 External STDCALL
ParseDecimal32 . . . . . . . . .	P Near	 00000000 FLAT	Length= 00000000 External STDCALL
ParseInteger32 . . . . . . . . .	P Near	 00000000 FLAT	Length= 00000000 External STDCALL
PeekConsoleInputA  . . . . . . .	P Near	 00000000 FLAT	Length= 00000000 External STDCALL
Random32 . . . . . . . . . . . .	P Near	 00000000 FLAT	Length= 00000000 External STDCALL
RandomRange  . . . . . . . . . .	P Near	 00000000 FLAT	Length= 00000000 External STDCALL
Randomize  . . . . . . . . . . .	P Near	 00000000 FLAT	Length= 00000000 External STDCALL
ReadChar . . . . . . . . . . . .	P Near	 00000000 FLAT	Length= 00000000 External STDCALL
ReadConsoleA . . . . . . . . . .	P Near	 00000000 FLAT	Length= 00000000 External STDCALL
ReadConsoleInputA  . . . . . . .	P Near	 00000000 FLAT	Length= 00000000 External STDCALL
ReadDec  . . . . . . . . . . . .	P Near	 00000000 FLAT	Length= 00000000 External STDCALL
ReadFile . . . . . . . . . . . .	P Near	 00000000 FLAT	Length= 00000000 External STDCALL
ReadFloat  . . . . . . . . . . .	P Near	 00000000 FLAT	Length= 00000000 External STDCALL
ReadFromFile . . . . . . . . . .	P Near	 00000000 FLAT	Length= 00000000 External STDCALL
ReadHex  . . . . . . . . . . . .	P Near	 00000000 FLAT	Length= 00000000 External STDCALL
ReadInt  . . . . . . . . . . . .	P Near	 00000000 FLAT	Length= 00000000 External STDCALL
ReadKeyFlush . . . . . . . . . .	P Near	 00000000 FLAT	Length= 00000000 External STDCALL
ReadKey  . . . . . . . . . . . .	P Near	 00000000 FLAT	Length= 00000000 External STDCALL
ReadString . . . . . . . . . . .	P Near	 00000000 FLAT	Length= 00000000 External STDCALL
SetConsoleCursorInfo . . . . . .	P Near	 00000000 FLAT	Length= 00000000 External STDCALL
SetConsoleCursorPosition . . . .	P Near	 00000000 FLAT	Length= 00000000 External STDCALL
SetConsoleMode . . . . . . . . .	P Near	 00000000 FLAT	Length= 00000000 External STDCALL
SetConsoleScreenBufferSize . . .	P Near	 00000000 FLAT	Length= 00000000 External STDCALL
SetConsoleTextAttribute  . . . .	P Near	 00000000 FLAT	Length= 00000000 External STDCALL
SetConsoleTitleA . . . . . . . .	P Near	 00000000 FLAT	Length= 00000000 External STDCALL
SetConsoleWindowInfo . . . . . .	P Near	 00000000 FLAT	Length= 00000000 External STDCALL
SetFilePointer . . . . . . . . .	P Near	 00000000 FLAT	Length= 00000000 External STDCALL
SetLocalTime . . . . . . . . . .	P Near	 00000000 FLAT	Length= 00000000 External STDCALL
SetTextColor . . . . . . . . . .	P Near	 00000000 FLAT	Length= 00000000 External STDCALL
ShowFPUStack . . . . . . . . . .	P Near	 00000000 FLAT	Length= 00000000 External STDCALL
Sleep  . . . . . . . . . . . . .	P Near	 00000000 FLAT	Length= 00000000 External STDCALL
StrLength  . . . . . . . . . . .	P Near	 00000000 FLAT	Length= 00000000 External STDCALL
Str_compare  . . . . . . . . . .	P Near	 00000000 FLAT	Length= 00000000 External STDCALL
Str_copy . . . . . . . . . . . .	P Near	 00000000 FLAT	Length= 00000000 External STDCALL
Str_length . . . . . . . . . . .	P Near	 00000000 FLAT	Length= 00000000 External STDCALL
Str_trim . . . . . . . . . . . .	P Near	 00000000 FLAT	Length= 00000000 External STDCALL
Str_ucase  . . . . . . . . . . .	P Near	 00000000 FLAT	Length= 00000000 External STDCALL
SystemTimeToFileTime . . . . . .	P Near	 00000000 FLAT	Length= 00000000 External STDCALL
WaitMsg  . . . . . . . . . . . .	P Near	 00000000 FLAT	Length= 00000000 External STDCALL
WriteBinB  . . . . . . . . . . .	P Near	 00000000 FLAT	Length= 00000000 External STDCALL
WriteBin . . . . . . . . . . . .	P Near	 00000000 FLAT	Length= 00000000 External STDCALL
WriteChar  . . . . . . . . . . .	P Near	 00000000 FLAT	Length= 00000000 External STDCALL
WriteConsoleA  . . . . . . . . .	P Near	 00000000 FLAT	Length= 00000000 External STDCALL
WriteConsoleOutputAttribute  . .	P Near	 00000000 FLAT	Length= 00000000 External STDCALL
WriteConsoleOutputCharacterA . .	P Near	 00000000 FLAT	Length= 00000000 External STDCALL
WriteDec . . . . . . . . . . . .	P Near	 00000000 FLAT	Length= 00000000 External STDCALL
WriteFile  . . . . . . . . . . .	P Near	 00000000 FLAT	Length= 00000000 External STDCALL
WriteFloat . . . . . . . . . . .	P Near	 00000000 FLAT	Length= 00000000 External STDCALL
WriteHexB  . . . . . . . . . . .	P Near	 00000000 FLAT	Length= 00000000 External STDCALL
WriteHex . . . . . . . . . . . .	P Near	 00000000 FLAT	Length= 00000000 External STDCALL
WriteInt . . . . . . . . . . . .	P Near	 00000000 FLAT	Length= 00000000 External STDCALL
WriteStackFrameName  . . . . . .	P Near	 00000000 FLAT	Length= 00000000 External STDCALL
WriteStackFrame  . . . . . . . .	P Near	 00000000 FLAT	Length= 00000000 External STDCALL
WriteString  . . . . . . . . . .	P Near	 00000000 FLAT	Length= 00000000 External STDCALL
WriteToFile  . . . . . . . . . .	P Near	 00000000 FLAT	Length= 00000000 External STDCALL
WriteWindowsMsg  . . . . . . . .	P Near	 00000000 FLAT	Length= 00000000 External STDCALL
calculation  . . . . . . . . . .	P Near	 000000D2 _TEXT	Length= 00000159 Public STDCALL
  L0 . . . . . . . . . . . . . .	L Near	 0000011A _TEXT	
  L1 . . . . . . . . . . . . . .	L Near	 0000013A _TEXT	
  ARICAL . . . . . . . . . . . .	L Near	 00000196 _TEXT	
  MULCAL . . . . . . . . . . . .	L Near	 000001B4 _TEXT	
  PLUCAL . . . . . . . . . . . .	L Near	 000001BA _TEXT	
  MINCAL . . . . . . . . . . . .	L Near	 000001BF _TEXT	
  DIVCAL . . . . . . . . . . . .	L Near	 000001C4 _TEXT	
  REMCAL . . . . . . . . . . . .	L Near	 000001CF _TEXT	
  POWCAL . . . . . . . . . . . .	L Near	 000001DB _TEXT	
  L3 . . . . . . . . . . . . . .	L Near	 000001E9 _TEXT	
  L4 . . . . . . . . . . . . . .	L Near	 000001FA _TEXT	
  L5 . . . . . . . . . . . . . .	L Near	 00000212 _TEXT	
  L6 . . . . . . . . . . . . . .	L Near	 00000219 _TEXT	
  L7 . . . . . . . . . . . . . .	L Near	 0000021E _TEXT	
  DONEARI  . . . . . . . . . . .	L Near	 00000221 _TEXT	
  FINCAL . . . . . . . . . . . .	L Near	 00000226 _TEXT	
input_data . . . . . . . . . . .	P Near	 00000064 _TEXT	Length= 0000006E Public STDCALL
  L  . . . . . . . . . . . . . .	L Near	 0000007C _TEXT	
  quit . . . . . . . . . . . . .	L Near	 000000C5 _TEXT	
main . . . . . . . . . . . . . .	P Near	 00000000 _TEXT	Length= 00000064 Public STDCALL
  L  . . . . . . . . . . . . . .	L Near	 0000001E _TEXT	
  Close_file . . . . . . . . . .	L Near	 00000049 _TEXT	
printf . . . . . . . . . . . . .	P Near	 00000000 FLAT	Length= 00000000 External C
scanf  . . . . . . . . . . . . .	P Near	 00000000 FLAT	Length= 00000000 External C
write_output . . . . . . . . . .	P Near	 0000022B _TEXT	Length= 000000C2 Public STDCALL
  L0 . . . . . . . . . . . . . .	L Near	 0000024A _TEXT	
  quit . . . . . . . . . . . . .	L Near	 00000264 _TEXT	
  L1 . . . . . . . . . . . . . .	L Near	 00000276 _TEXT	
  quit1  . . . . . . . . . . . .	L Near	 00000290 _TEXT	
  L2 . . . . . . . . . . . . . .	L Near	 000002A2 _TEXT	
  L3 . . . . . . . . . . . . . .	L Near	 000002AA _TEXT	
wsprintfA  . . . . . . . . . . .	P Near	 00000000 FLAT	Length= 00000000 External C


Symbols:

                N a m e                 Type     Value    Attr

@CodeSize  . . . . . . . . . . .	Number	 00000000h   
@DataSize  . . . . . . . . . . .	Number	 00000000h   
@Interface . . . . . . . . . . .	Number	 00000003h   
@Model . . . . . . . . . . . . .	Number	 00000007h   
@code  . . . . . . . . . . . . .	Text   	 _TEXT
@data  . . . . . . . . . . . . .	Text   	 FLAT
@fardata?  . . . . . . . . . . .	Text   	 FLAT
@fardata . . . . . . . . . . . .	Text   	 FLAT
@stack . . . . . . . . . . . . .	Text   	 FLAT
ALT_MASK . . . . . . . . . . . .	Number	 00000003h   
CAPSLOCK_ON  . . . . . . . . . .	Number	 00000080h   
CREATE_ALWAYS  . . . . . . . . .	Number	 00000002h   
CREATE_NEW . . . . . . . . . . .	Number	 00000001h   
CTRL_MASK  . . . . . . . . . . .	Number	 0000000Ch   
CreateFile . . . . . . . . . . .	Text   	 CreateFileA
DO_NOT_SHARE . . . . . . . . . .	Number	 00000000h   
ENABLE_ECHO_INPUT  . . . . . . .	Number	 00000004h   
ENABLE_LINE_INPUT  . . . . . . .	Number	 00000002h   
ENABLE_MOUSE_INPUT . . . . . . .	Number	 00000010h   
ENABLE_PROCESSED_INPUT . . . . .	Number	 00000001h   
ENABLE_PROCESSED_OUTPUT  . . . .	Number	 00000001h   
ENABLE_WINDOW_INPUT  . . . . . .	Number	 00000008h   
ENABLE_WRAP_AT_EOL_OUTPUT  . . .	Number	 00000002h   
ENHANCED_KEY . . . . . . . . . .	Number	 00000100h   
FALSE  . . . . . . . . . . . . .	Number	 00000000h   
FILE_APPEND_DATA . . . . . . . .	Number	 00000004h   
FILE_ATTRIBUTE_ARCHIVE . . . . .	Number	 00000020h   
FILE_ATTRIBUTE_COMPRESSED  . . .	Number	 00000800h   
FILE_ATTRIBUTE_DEVICE  . . . . .	Number	 00000040h   
FILE_ATTRIBUTE_DIRECTORY . . . .	Number	 00000010h   
FILE_ATTRIBUTE_ENCRYPTED . . . .	Number	 00004000h   
FILE_ATTRIBUTE_HIDDEN  . . . . .	Number	 00000002h   
FILE_ATTRIBUTE_NORMAL  . . . . .	Number	 00000080h   
FILE_ATTRIBUTE_NOT_CONTENT_INDEXED .	Number	 00002000h   
FILE_ATTRIBUTE_OFFLINE . . . . .	Number	 00001000h   
FILE_ATTRIBUTE_READONLY  . . . .	Number	 00000001h   
FILE_ATTRIBUTE_REPARSE_POINT . .	Number	 00000400h   
FILE_ATTRIBUTE_SPARSE_FILE . . .	Number	 00000200h   
FILE_ATTRIBUTE_SYSTEM  . . . . .	Number	 00000004h   
FILE_ATTRIBUTE_TEMPORARY . . . .	Number	 00000100h   
FILE_BEGIN . . . . . . . . . . .	Number	 00000000h   
FILE_CURRENT . . . . . . . . . .	Number	 00000001h   
FILE_DELETE_CHILD  . . . . . . .	Number	 00000040h   
FILE_END . . . . . . . . . . . .	Number	 00000002h   
FILE_READ_DATA . . . . . . . . .	Number	 00000001h   
FILE_SHARE_DELETE  . . . . . . .	Number	 00000004h   
FILE_SHARE_READ  . . . . . . . .	Number	 00000001h   
FILE_SHARE_WRITE . . . . . . . .	Number	 00000002h   
FILE_WRITE_DATA  . . . . . . . .	Number	 00000002h   
FOCUS_EVENT  . . . . . . . . . .	Number	 00000010h   
FORMAT_MESSAGE_ALLOCATE_BUFFER .	Number	 00000100h   
FORMAT_MESSAGE_FROM_SYSTEM . . .	Number	 00001000h   
FormatMessage  . . . . . . . . .	Text   	 FormatMessageA
GENERIC_ALL  . . . . . . . . . .	Number	 10000000h   
GENERIC_EXECUTE  . . . . . . . .	Number	 20000000h   
GENERIC_READ . . . . . . . . . .	Number	 -80000000h   
GENERIC_WRITE  . . . . . . . . .	Number	 40000000h   
GetCommandLine . . . . . . . . .	Text   	 GetCommandLineA
HANDLE . . . . . . . . . . . . .	Text   	 DWORD
HEAP_GENERATE_EXCEPTIONS . . . .	Number	 00000004h   
HEAP_GROWABLE  . . . . . . . . .	Number	 00000002h   
HEAP_NO_SERIALIZE  . . . . . . .	Number	 00000001h   
HEAP_REALLOC_IN_PLACE_ONLY . . .	Number	 00000010h   
HEAP_ZERO_MEMORY . . . . . . . .	Number	 00000008h   
IDABORT  . . . . . . . . . . . .	Number	 00000003h   
IDCANCEL . . . . . . . . . . . .	Number	 00000002h   
IDCLOSE  . . . . . . . . . . . .	Number	 00000008h   
IDCONTINUE . . . . . . . . . . .	Number	 0000000Bh   
IDHELP . . . . . . . . . . . . .	Number	 00000009h   
IDIGNORE . . . . . . . . . . . .	Number	 00000005h   
IDNO . . . . . . . . . . . . . .	Number	 00000007h   
IDOK . . . . . . . . . . . . . .	Number	 00000001h   
IDRETRY  . . . . . . . . . . . .	Number	 00000004h   
IDTIMEOUT  . . . . . . . . . . .	Number	 00007D00h   
IDTRYAGAIN . . . . . . . . . . .	Number	 0000000Ah   
IDYES  . . . . . . . . . . . . .	Number	 00000006h   
INVALID_HANDLE_VALUE . . . . . .	Number	 -00000001h   
KBDOWN_FLAG  . . . . . . . . . .	Number	 00000001h   
KEY_EVENT  . . . . . . . . . . .	Number	 00000001h   
KEY_MASKS  . . . . . . . . . . .	Number	 0000001Fh   
LEFT_ALT_PRESSED . . . . . . . .	Number	 00000002h   
LEFT_CTRL_PRESSED  . . . . . . .	Number	 00000008h   
MB_ABORTRETRYIGNORE  . . . . . .	Number	 00000002h   
MB_APPLMODAL . . . . . . . . . .	Number	 00000000h   
MB_CANCELTRYCONTINUE . . . . . .	Number	 00000006h   
MB_DEFBUTTON1  . . . . . . . . .	Number	 00000000h   
MB_DEFBUTTON2  . . . . . . . . .	Number	 00000100h   
MB_DEFBUTTON3  . . . . . . . . .	Number	 00000200h   
MB_DEFBUTTON4  . . . . . . . . .	Number	 00000300h   
MB_HELP  . . . . . . . . . . . .	Number	 00004000h   
MB_ICONASTERISK  . . . . . . . .	Number	 00000040h   
MB_ICONERROR . . . . . . . . . .	Number	 00000010h   
MB_ICONEXCLAMATION . . . . . . .	Number	 00000030h   
MB_ICONHAND  . . . . . . . . . .	Number	 00000010h   
MB_ICONINFORMATION . . . . . . .	Number	 00000040h   
MB_ICONQUESTION  . . . . . . . .	Number	 00000020h   
MB_ICONSTOP  . . . . . . . . . .	Number	 00000010h   
MB_ICONWARNING . . . . . . . . .	Number	 00000030h   
MB_OKCANCEL  . . . . . . . . . .	Number	 00000001h   
MB_OK  . . . . . . . . . . . . .	Number	 00000000h   
MB_RETRYCANCEL . . . . . . . . .	Number	 00000005h   
MB_SYSTEMMODAL . . . . . . . . .	Number	 00001000h   
MB_TASKMODAL . . . . . . . . . .	Number	 00002000h   
MB_USERICON  . . . . . . . . . .	Number	 00000080h   
MB_YESNOCANCEL . . . . . . . . .	Number	 00000003h   
MB_YESNO . . . . . . . . . . . .	Number	 00000004h   
MENU_EVENT . . . . . . . . . . .	Number	 00000008h   
MOUSE_EVENT  . . . . . . . . . .	Number	 00000002h   
MessageBox . . . . . . . . . . .	Text   	 MessageBoxA
NULL . . . . . . . . . . . . . .	Number	 00000000h   
NUMLOCK_ON . . . . . . . . . . .	Number	 00000020h   
OPEN_ALWAYS  . . . . . . . . . .	Number	 00000004h   
OPEN_EXISTING  . . . . . . . . .	Number	 00000003h   
PeekConsoleInput . . . . . . . .	Text   	 PeekConsoleInputA
RIGHT_ALT_PRESSED  . . . . . . .	Number	 00000001h   
RIGHT_CTRL_PRESSED . . . . . . .	Number	 00000004h   
ReadConsoleInput . . . . . . . .	Text   	 ReadConsoleInputA
ReadConsole  . . . . . . . . . .	Text   	 ReadConsoleA
SCROLLLOCK_ON  . . . . . . . . .	Number	 00000040h   
SHIFT_MASK . . . . . . . . . . .	Number	 00000010h   
SHIFT_PRESSED  . . . . . . . . .	Number	 00000010h   
STD_ERROR_HANDLE . . . . . . . .	Number	 -0000000Ch   
STD_INPUT_HANDLE . . . . . . . .	Number	 -0000000Ah   
STD_OUTPUT_HANDLE  . . . . . . .	Number	 -0000000Bh   
SetConsoleTitle  . . . . . . . .	Text   	 SetConsoleTitleA
TAB  . . . . . . . . . . . . . .	Number	 00000009h   
TRUE . . . . . . . . . . . . . .	Number	 00000001h   
TRUNCATE_EXISTING  . . . . . . .	Number	 00000005h   
VK_11  . . . . . . . . . . . . .	Number	 000000BDh   
VK_12  . . . . . . . . . . . . .	Number	 000000BBh   
VK_ADD . . . . . . . . . . . . .	Number	 0000006Bh   
VK_BACK  . . . . . . . . . . . .	Number	 00000008h   
VK_CANCEL  . . . . . . . . . . .	Number	 00000003h   
VK_CAPITAL . . . . . . . . . . .	Number	 00000014h   
VK_CLEAR . . . . . . . . . . . .	Number	 0000000Ch   
VK_CONTROL . . . . . . . . . . .	Number	 00000011h   
VK_DECIMAL . . . . . . . . . . .	Number	 0000006Eh   
VK_DELETE  . . . . . . . . . . .	Number	 0000002Eh   
VK_DIVIDE  . . . . . . . . . . .	Number	 0000006Fh   
VK_DOWN  . . . . . . . . . . . .	Number	 00000028h   
VK_END . . . . . . . . . . . . .	Number	 00000023h   
VK_ESCAPE  . . . . . . . . . . .	Number	 0000001Bh   
VK_EXECUTE . . . . . . . . . . .	Number	 0000002Bh   
VK_F10 . . . . . . . . . . . . .	Number	 00000079h   
VK_F11 . . . . . . . . . . . . .	Number	 0000007Ah   
VK_F12 . . . . . . . . . . . . .	Number	 0000007Bh   
VK_F13 . . . . . . . . . . . . .	Number	 0000007Ch   
VK_F14 . . . . . . . . . . . . .	Number	 0000007Dh   
VK_F15 . . . . . . . . . . . . .	Number	 0000007Eh   
VK_F16 . . . . . . . . . . . . .	Number	 0000007Fh   
VK_F17 . . . . . . . . . . . . .	Number	 00000080h   
VK_F18 . . . . . . . . . . . . .	Number	 00000081h   
VK_F19 . . . . . . . . . . . . .	Number	 00000082h   
VK_F1  . . . . . . . . . . . . .	Number	 00000070h   
VK_F20 . . . . . . . . . . . . .	Number	 00000083h   
VK_F21 . . . . . . . . . . . . .	Number	 00000084h   
VK_F22 . . . . . . . . . . . . .	Number	 00000085h   
VK_F23 . . . . . . . . . . . . .	Number	 00000086h   
VK_F24 . . . . . . . . . . . . .	Number	 00000087h   
VK_F2  . . . . . . . . . . . . .	Number	 00000071h   
VK_F3  . . . . . . . . . . . . .	Number	 00000072h   
VK_F4  . . . . . . . . . . . . .	Number	 00000073h   
VK_F5  . . . . . . . . . . . . .	Number	 00000074h   
VK_F6  . . . . . . . . . . . . .	Number	 00000075h   
VK_F7  . . . . . . . . . . . . .	Number	 00000076h   
VK_F8  . . . . . . . . . . . . .	Number	 00000077h   
VK_F9  . . . . . . . . . . . . .	Number	 00000078h   
VK_HELP  . . . . . . . . . . . .	Number	 0000002Fh   
VK_HOME  . . . . . . . . . . . .	Number	 00000024h   
VK_INSERT  . . . . . . . . . . .	Number	 0000002Dh   
VK_LBUTTON . . . . . . . . . . .	Number	 00000001h   
VK_LCONTROL  . . . . . . . . . .	Number	 000000A2h   
VK_LEFT  . . . . . . . . . . . .	Number	 00000025h   
VK_LMENU . . . . . . . . . . . .	Number	 000000A4h   
VK_LSHIFT  . . . . . . . . . . .	Number	 000000A0h   
VK_MENU  . . . . . . . . . . . .	Number	 00000012h   
VK_MULTIPLY  . . . . . . . . . .	Number	 0000006Ah   
VK_NEXT  . . . . . . . . . . . .	Number	 00000022h   
VK_NUMLOCK . . . . . . . . . . .	Number	 00000090h   
VK_NUMPAD0 . . . . . . . . . . .	Number	 00000060h   
VK_NUMPAD1 . . . . . . . . . . .	Number	 00000061h   
VK_NUMPAD2 . . . . . . . . . . .	Number	 00000062h   
VK_NUMPAD3 . . . . . . . . . . .	Number	 00000063h   
VK_NUMPAD4 . . . . . . . . . . .	Number	 00000064h   
VK_NUMPAD5 . . . . . . . . . . .	Number	 00000065h   
VK_NUMPAD6 . . . . . . . . . . .	Number	 00000066h   
VK_NUMPAD7 . . . . . . . . . . .	Number	 00000067h   
VK_NUMPAD8 . . . . . . . . . . .	Number	 00000068h   
VK_NUMPAD9 . . . . . . . . . . .	Number	 00000069h   
VK_PAUSE . . . . . . . . . . . .	Number	 00000013h   
VK_PRINT . . . . . . . . . . . .	Number	 0000002Ah   
VK_PRIOR . . . . . . . . . . . .	Number	 00000021h   
VK_RBUTTON . . . . . . . . . . .	Number	 00000002h   
VK_RCONTROL  . . . . . . . . . .	Number	 000000A3h   
VK_RETURN  . . . . . . . . . . .	Number	 0000000Dh   
VK_RIGHT . . . . . . . . . . . .	Number	 00000027h   
VK_RMENU . . . . . . . . . . . .	Number	 000000A5h   
VK_RSHIFT  . . . . . . . . . . .	Number	 000000A1h   
VK_SCROLL  . . . . . . . . . . .	Number	 00000091h   
VK_SEPARATER . . . . . . . . . .	Number	 0000006Ch   
VK_SHIFT . . . . . . . . . . . .	Number	 00000010h   
VK_SNAPSHOT  . . . . . . . . . .	Number	 0000002Ch   
VK_SPACE . . . . . . . . . . . .	Number	 00000020h   
VK_SUBTRACT  . . . . . . . . . .	Number	 0000006Dh   
VK_TAB . . . . . . . . . . . . .	Number	 00000009h   
VK_UP  . . . . . . . . . . . . .	Number	 00000026h   
WINDOW_BUFFER_SIZE_EVENT . . . .	Number	 00000004h   
WriteConsoleOutputCharacter  . .	Text   	 WriteConsoleOutputCharacterA
WriteConsole . . . . . . . . . .	Text   	 WriteConsoleA
black  . . . . . . . . . . . . .	Number	 00000000h   
blue . . . . . . . . . . . . . .	Number	 00000001h   
brown  . . . . . . . . . . . . .	Number	 00000006h   
buffer . . . . . . . . . . . . .	Byte	 00000033 _DATA	
c_array  . . . . . . . . . . . .	Byte	 0000001D _DATA	
count  . . . . . . . . . . . . .	DWord	 00000038 _DATA	
cyan . . . . . . . . . . . . . .	Number	 00000003h   
exit . . . . . . . . . . . . . .	Text   	 INVOKE ExitProcess,0
gray . . . . . . . . . . . . . .	Number	 00000008h   
green  . . . . . . . . . . . . .	Number	 00000002h   
i_fileHandle . . . . . . . . . .	DWord	 00000034 _DATA	
in_fileHandle  . . . . . . . . .	DWord	 00000015 _DATA	
in_filename  . . . . . . . . . .	Byte	 00000000 _DATA	
index_count  . . . . . . . . . .	Byte	 00000041 _DATA	
keep_ECX . . . . . . . . . . . .	DWord	 00000046 _DATA	
len_result . . . . . . . . . . .	DWord	 0000005D _DATA	
lightBlue  . . . . . . . . . . .	Number	 00000009h   
lightCyan  . . . . . . . . . . .	Number	 0000000Bh   
lightGray  . . . . . . . . . . .	Number	 00000007h   
lightGreen . . . . . . . . . . .	Number	 0000000Ah   
lightMagenta . . . . . . . . . .	Number	 0000000Dh   
lightRed . . . . . . . . . . . .	Number	 0000000Ch   
magenta  . . . . . . . . . . . .	Number	 00000005h   
o_fileHandle . . . . . . . . . .	DWord	 0000004E _DATA	
offs . . . . . . . . . . . . . .	DWord	 0000003C _DATA	
out_fileHandle . . . . . . . . .	DWord	 00000019 _DATA	
out_filename . . . . . . . . . .	Byte	 0000000A _DATA	
powop  . . . . . . . . . . . . .	DWord	 0000004A _DATA	
push_count . . . . . . . . . . .	Byte	 00000040 _DATA	
red  . . . . . . . . . . . . . .	Number	 00000004h   
result . . . . . . . . . . . . .	Byte	 00000052 _DATA	
temp . . . . . . . . . . . . . .	DWord	 00000042 _DATA	
white  . . . . . . . . . . . . .	Number	 0000000Fh   
wsprintf . . . . . . . . . . . .	Text   	 wsprintfA
yellow . . . . . . . . . . . . .	Number	 0000000Eh   

	   0 Warnings
	   0 Errors
